=================================================================================
DETAILED FERS RETIREMENT INCOME ANALYSIS
