Scenario,FirstYearNetIncome,Year5NetIncome,Year10NetIncome,TSPLongevity,TotalLifetimeIncomePV,InitialTSPBalance,FinalTSPBalance
